[studio00132.wixsite.com/index.html]
[backblue.gif]
[fade.gif]
[index.html]
[studio00132.wixsite.com/index/illustrator.html]
[studio00132.wixsite.com/index-2.html]
[studio00132.wixsite.com/index/mecha-designer.html]
[studio00132.wixsite.com/index/voice-actor.html]
[studio00132.wixsite.com/index/macross-visual-artist.html]
[studio00132.wixsite.com/index/contact-8.html]
[studio00132.wixsite.com/sitemap.xml]
[studio00132.wixsite.com/feed.xml]
[studio00132.wixsite.com/${n.uri}]
[studio00132.wixsite.com/decodeURIComponent(e]
[studio00132.wixsite.com/index.html]
[studio00132.wixsite.com/index-2.html]
[studio00132.wixsite.com/index/robots.txt]
[studio00132.wixsite.com/index/sitemap.xml]
[studio00132.wixsite.com/index/feed.xml]
[studio00132.wixsite.com/index/${n.uri}]
[studio00132.wixsite.com/index/decodeURIComponent(e]
[studio00132.wixsite.com/index/illustrator.html]
[studio00132.wixsite.com/index/mecha-designer.html]
[studio00132.wixsite.com/index/voice-actor.html]
[studio00132.wixsite.com/index/macross-visual-artist.html]
[studio00132.wixsite.com/index/contact-8.html]
[studio00132.wixsite.com/sitemap.html]
[studio00132.wixsite.com/feed.html]
[studio00132.wixsite.com/${n.html]
[studio00132.wixsite.com/decodeURIComponent(e.html]
[studio00132.wixsite.com/index/robots.html]
[studio00132.wixsite.com/index/sitemap.html]
[studio00132.wixsite.com/index/feed.html]
[studio00132.wixsite.com/index/${n.html]
[studio00132.wixsite.com/index/decodeURIComponent(e.html]
